Tue 03 Feb 2026 15:18:42 INFO  
General Hyper Parameters:
gpu_id = 0
use_gpu = True
seed = 2024
state = INFO
reproducibility = True
data_path = /home/ildo_dozzi/projects/hopwise/dataset/custom_data
checkpoint_dir = ./saved/
show_progress = True
save_dataset = False
dataset_save_path = None
save_dataloaders = False
dataloaders_save_path = None
log_wandb = False

Training Hyper Parameters:
epochs = 10
train_batch_size = 2048
learner = adam
learning_rate = 0.001
train_neg_sample_args = {'distribution': 'uniform', 'sample_num': 1, 'alpha': 1.0, 'dynamic': False, 'candidate_num': 0}
eval_step = 5
stopping_step = 10
clip_grad_norm = None
weight_decay = 0.0
loss_decimal_place = 4

Evaluation Hyper Parameters:
eval_args = {'split': {'RS': [0.8, 0.1, 0.1]}, 'order': 'RO', 'group_by': 'user', 'mode': {'valid': 'full', 'test': 'full'}}
repeatable = False
metrics = ['NDCG', 'MRR', 'Hit', 'Precision', 'Recall']
topk = [10]
valid_metric = NDCG@10
valid_metric_bigger = True
eval_batch_size = 4096
metric_decimal_place = 4

Dataset Hyper Parameters:
field_separator = 	
seq_separator =  
USER_ID_FIELD = user_id
ITEM_ID_FIELD = item_id
RATING_FIELD = rating
TIME_FIELD = timestamp
seq_len = None
LABEL_FIELD = label
threshold = None
NEG_PREFIX = neg_
load_col = {'inter': ['user_id', 'item_id', 'rating', 'timestamp'], 'kg': ['head_id', 'relation_id', 'tail_id'], 'link': ['item_id', 'entity_id'], 'useremb': ['user_embedding_id', 'user_embedding'], 'entityemb': ['entity_embedding_id', 'entity_embedding'], 'relationemb': ['relation_embedding_id', 'relation_embedding']}
unload_col = None
unused_col = None
additional_feat_suffix = ['useremb', 'entityemb', 'relationemb']
rm_dup_inter = None
val_interval = None
filter_inter_by_user_or_item = True
user_inter_num_interval = [0,inf)
item_inter_num_interval = [0,inf)
alias_of_user_id = ['user_embedding_id']
alias_of_item_id = None
alias_of_entity_id = ['entity_embedding_id']
alias_of_relation_id = ['relation_embedding_id']
preload_weight = {'user_embedding_id': 'user_embedding', 'entity_embedding_id': 'entity_embedding', 'relation_embedding_id': 'relation_embedding'}
normalize_field = None
normalize_all = None
ITEM_LIST_LENGTH_FIELD = item_length
LIST_SUFFIX = _list
MAX_ITEM_LIST_LENGTH = 50
POSITION_FIELD = position_id
HEAD_ENTITY_ID_FIELD = head_id
TAIL_ENTITY_ID_FIELD = tail_id
RELATION_ID_FIELD = relation_id
ENTITY_ID_FIELD = entity_id
benchmark_filename = None

Other Hyper Parameters: 
worker = 0
wandb_project = hopwise
progress_bar_rich = True
shuffle = True
weight_precision = torch.float32
require_pow = False
enable_amp = False
enable_scaler = False
transform = None
numerical_features = []
preload_weight_path = None
discretization = None
ui_relation = [UI-Relation]
kg_reverse_r = False
entity_kg_num_interval = [0,inf)
relation_kg_num_interval = [0,inf)
path_hop_length = 3
MAX_PATHS_PER_USER = 250
context_length = 9
metapaths = None
path_sample_args = {'temporal_causality': False, 'collaborative_path': True, 'strategy': 'constrained-rw', 'path_token_separator': ' ', 'restrict_by_phase': True, 'MAX_CONSECUTIVE_INVALID': 10, 'MAX_RW_TRIES_PER_IID': 1, 'MAX_RW_PATHS_PER_HOP': 1, 'parallel_max_workers': -1}
tokenizer = {'model': 'WordLevel', 'special_tokens': {'mask_token': '[MASK]', 'unk_token': '[UNK]', 'pad_token': '[PAD]', 'eos_token': '[EOS]', 'bos_token': '[BOS]', 'sep_token': '[SEP]', 'cls_token': '[CLS]'}}
MODEL_TYPE = ModelType.KNOWLEDGE
eval_lp_args = {'knowledge_split': None, 'knowledge_group_by': None}
state_history = 1
max_acts = 250
gamma = 0.99
action_dropout = 0.0
hidden_sizes = [512, 256]
max_path_len = 3
weight_factor = 0.001
beam_search_hop = [25, 5, 1]
fix_scores_sorting_bug = False
path_constraint = [[[None, 'user'], ['[UI-Relation]', 'entity'], ['film.film.actor', 'entity'], ['film.actor.film', 'entity']], [[None, 'user'], ['[UI-Relation]', 'entity'], ['film.film.directed_by', 'entity'], ['film.director.film', 'entity']], [[None, 'user'], ['[UI-Relation]', 'entity'], ['film.film.genre', 'entity'], ['film.film_genre.films_in_this_genre', 'entity']], [[None, 'user'], ['[UI-Relation]', 'entity'], ['[UI-Relation]', 'entity'], ['[UI-Relation]', 'entity']], [[None, 'user'], ['[UI-Relation]', 'entity'], ['film.film.prequel', 'entity'], ['film.film.prequel', 'entity']], [[None, 'user'], ['[UI-Relation]', 'entity'], ['film.film.sequel', 'entity'], ['film.film.sequel', 'entity']], [[None, 'user'], ['[UI-Relation]', 'entity'], ['film.actor.film', 'entity'], ['film.actor.film', 'entity']], [[None, 'user'], ['[UI-Relation]', 'entity'], ['film.film_subject.films', 'entity'], ['film.film_subject.films', 'entity']], [[None, 'user'], ['[UI-Relation]', 'entity'], ['film.film.subjects', 'entity'], ['film.film.subjects', 'entity']], [[None, 'user'], ['[UI-Relation]', 'entity'], ['film.film.rating', 'entity'], ['film.content_rating.film', 'entity']], [[None, 'user'], ['[UI-Relation]', 'entity'], ['film.film.written_by', 'entity'], ['film.writer.film', 'entity']], [[None, 'user'], ['[UI-Relation]', 'entity'], ['film.film.cinematography', 'entity'], ['film.cinematographer.film', 'entity']], [[None, 'user'], ['[UI-Relation]', 'entity'], ['film.film.produced_by', 'entity'], ['film.producer.film', 'entity']], [[None, 'user'], ['[UI-Relation]', 'entity'], ['film.film.production_companies', 'entity'], ['film.production_company.films', 'entity']]]
save_step = 5
MODEL_INPUT_TYPE = InputType.USERWISE
eval_type = EvaluatorType.RANKING
single_spec = True
local_rank = 0
device = cuda
valid_neg_sample_args = {'distribution': 'uniform', 'sample_num': 'none'}
test_neg_sample_args = {'distribution': 'uniform', 'sample_num': 'none'}


